// Jest Snapshot v1, https://goo.gl/fbAQLP

exports[`Main Test should match snapshot 1`] = `
<ContextConsumer>
  <Component />
</ContextConsumer>
`;

exports[`Show Page Test shallow render 1`] = `
<Layout
  description="Gestión de pasaportes"
  title="Pasaportes"
>
  <Connect(GestionPasaportes) />
</Layout>
`;
